// Jest Snapshot v1, https://goo.gl/fbAQLP

exports[`Images component renders the images component with the list of images 1`] = `
<div
  className="images"
>
  <h1
    className="images__title"
  >
    Test title
  </h1>
  <span
    className="images__visits"
  >
    Visits:
    0
  </span>
  <ul
    className="images__list"
  >
    <Image
      id={1}
      isAvailable={true}
      isFeatured={true}
      link="https://www.amazon.com/Red-Dead-Redemption-2-PlayStation-4/dp/B01M5DZ525/ref=sr_1_3?keywords=ps4+games&qid=1551459125&s=gateway&sr=8-3"
      notAvailableDisclaimer="not available"
      src="https://m.media-amazon.com/images/I/81z80lFufgL._AC_UL872_FMwebp_QL65_.jpg"
      title="Red Dead Redemption 2"
      track={[Function]}
    />
    <Image
      id={2}
      isAvailable={false}
      isFeatured={false}
      link="https://www.amazon.com/Marvels-Spider-Man-PlayStation-4/dp/B01GW8YDLK/ref=sr_1_4?keywords=ps4+games&qid=1551459125&s=gateway&sr=8-4"
      notAvailableDisclaimer="not available"
      src="https://m.media-amazon.com/images/I/81d6JU6g1pL._AC_UL872_FMwebp_QL65_.jpg"
      title="Marvels Spiderman"
      track={[Function]}
    />
    <Image
      id={3}
      isAvailable={true}
      isFeatured={true}
      link="https://www.amazon.com/Marvels-Spider-Man-PlayStation-4/dp/B01GW8YDLK/ref=sr_1_4?keywords=ps4+games&qid=1551459125&s=gateway&sr=8-4"
      notAvailableDisclaimer="not available"
      src="https://m.media-amazon.com/images/I/51po2bu7VnL._AC_UL872_FMwebp_QL65_.jpg"
      title="God of war"
      track={[Function]}
    />
    <Image
      id={4}
      isAvailable={false}
      isFeatured={false}
      link="https://www.amazon.com/Assassins-Creed-Odyssey-PlayStation-4-Standard/dp/B07DKYN13M/ref=sr_1_5?keywords=ps4+games&qid=1551460416&s=gateway&sr=8-5"
      notAvailableDisclaimer="not available"
      src="https://m.media-amazon.com/images/I/81da48KsFpL._AC_UL872_FMwebp_QL65_.jpg"
      title="Assassins creed Odyssey"
      track={[Function]}
    />
  </ul>
</div>
`;
